// Jest Snapshot v1, https://goo.gl/fbAQLP

exports[`CustomerList Component matches the snapshot 1`] = `
<DocumentFragment>
  <div
    class="sc-iQQCXo bezgzY"
  >
    Loading customers...
  </div>
</DocumentFragment>
`;
