// Jest Snapshot v1, https://goo.gl/fbAQLP

exports[`FilterBar Component matches the snapshot 1`] = `
<DocumentFragment>
  <fil />
</DocumentFragment>
`;
